This is XeTeX, Version 3.141592653-2.6-0.999998 (MiKTeX 26.2) (preloaded format=xelatex 2026.5.13)  18 MAY 2026 16:27
entering extended mode
 restricted \write18 enabled.
 file:line:error style messages enabled.
 %&-line parsing enabled.
**"c:/Users/Jan Iris Bruzo/Downloads/Latex_Group10-main/Latex_Group10-main/main.tex"
(c:/Users/Jan Iris Bruzo/Downloads/Latex_Group10-main/Latex_Group10-main/main.tex
LaTeX2e <2025-11-01>
L3 programming layer <2026-03-20>
(research.cls
Document Class: research 2025/01/01 Undergraduate Research Paper Class
(C:\Users\Jan Iris Bruzo\AppData\Local\Programs\MiKTeX\tex/latex/base\article.cls
Document Class: article 2025/01/22 v1.4n Standard LaTeX document class
(C:\Users\Jan Iris Bruzo\AppData\Local\Programs\MiKTeX\tex/latex/base\size12.clo
File: size12.clo 2025/01/22 v1.4n Standard LaTeX file (size option)
)
\c@part=\count271
\c@section=\count272
\c@subsection=\count273
\c@subsubsection=\count274
\c@paragraph=\count275
\c@subparagraph=\count276
\c@figure=\count277
\c@table=\count278
\abovecaptionskip=\skip49
\belowcaptionskip=\skip50
\bibindent=\dimen150
) (C:\Users\Jan Iris Bruzo\AppData\Local\Programs\MiKTeX\tex/latex/geometry\geometry.sty
Package: geometry 2026/03/07 v6.0 Page Geometry
 (C:\Users\Jan Iris Bruzo\AppData\Local\Programs\MiKTeX\tex/latex/graphics\keyval.sty
Package: keyval 2022/05/29 v1.15 key=value parser (DPC)
\KV@toks@=\toks17
) (C:\Users\Jan Iris Bruzo\AppData\Local\Programs\MiKTeX\tex/generic/iftex\ifvtex.sty
Package: ifvtex 2019/10/25 v1.7 ifvtex legacy package. Use iftex instead.
 (C:\Users\Jan Iris Bruzo\AppData\Local\Programs\MiKTeX\tex/generic/iftex\iftex.sty
Package: iftex 2024/12/12 v1.0g TeX engine tests
))
\Gm@cnth=\count279
\Gm@cntv=\count280
\c@Gm@tempcnt=\count281
\Gm@bindingoffset=\dimen151
\Gm@wd@mp=\dimen152
\Gm@odd@mp=\dimen153
\Gm@even@mp=\dimen154
\Gm@layoutwidth=\dimen155
\Gm@layoutheight=\dimen156
\Gm@layouthoffset=\dimen157
\Gm@layoutvoffset=\dimen158
\Gm@dimlist=\toks18
 (C:\Users\Jan Iris Bruzo\AppData\Local\Programs\MiKTeX\tex/latex/geometry\geometry.cfg)) (C:\Users\Jan Iris Bruzo\AppData\Local\Programs\MiKTeX\tex/latex/setspace\setspace.sty
Package: setspace 2022/12/04 v6.7b set line spacing
) (C:\Users\Jan Iris Bruzo\AppData\Local\Programs\MiKTeX\tex/latex/fontspec\fontspec.sty (C:\Users\Jan Iris Bruzo\AppData\Local\Programs\MiKTeX\tex/latex/l3packages/xparse\xparse.sty (C:\Users\Jan Iris Bruzo\AppData\Local\Programs\MiKTeX\tex/latex/l3kernel\expl3.sty
Package: expl3 2026-03-20 L3 programming layer (loader) 
 (C:\Users\Jan Iris Bruzo\AppData\Local\Programs\MiKTeX\tex/latex/l3backend\l3backend-xetex.def
File: l3backend-xetex.def 2026-02-18 L3 backend support: XeTeX
\g__graphics_track_int=\count282
\g__pdfannot_backend_int=\count283
\g__pdfannot_backend_link_int=\count284
))
Package: xparse 2025-10-09 L3 Experimental document command parser
)
Package: fontspec 2025/09/29 v2.9g Font selection for XeLaTeX and LuaLaTeX
 (C:\Users\Jan Iris Bruzo\AppData\Local\Programs\MiKTeX\tex/latex/fontspec\fontspec-xetex.sty
Package: fontspec-xetex 2025/09/29 v2.9g Font selection for XeLaTeX and LuaLaTeX
\l__fontspec_script_int=\count285
\l__fontspec_language_int=\count286
\l__fontspec_strnum_int=\count287
\l__fontspec_tmp_int=\count288
\l__fontspec_tmpa_int=\count289
\l__fontspec_tmpb_int=\count290
\l__fontspec_tmpc_int=\count291
\l__fontspec_em_int=\count292
\l__fontspec_emdef_int=\count293
\l__fontspec_strong_int=\count294
\l__fontspec_strongdef_int=\count295
\l__fontspec_tmpa_dim=\dimen159
\l__fontspec_tmpb_dim=\dimen160
\l__fontspec_tmpc_dim=\dimen161
 (C:\Users\Jan Iris Bruzo\AppData\Local\Programs\MiKTeX\tex/latex/base\fontenc.sty
Package: fontenc 2025/07/18 v2.1d Standard LaTeX package
) (C:\Users\Jan Iris Bruzo\AppData\Local\Programs\MiKTeX\tex/latex/fontspec\fontspec.cfg)))

Package fontspec Info: 
(fontspec)             Font family 'TimesNewRoman(0)' created for font 'Times
(fontspec)             New Roman' with options [Ligatures=TeX].
(fontspec)              
(fontspec)              This font family consists of the following NFSS
(fontspec)             series/shapes:
(fontspec)              
(fontspec)             - 'normal' (m/n) with NFSS spec.: <->"Times New
(fontspec)             Roman/OT:script=latn;language=dflt;mapping=tex-text;"
(fontspec)             - 'small caps'  (m/sc) with NFSS spec.: <->"Times New
(fontspec)             Roman/OT:script=latn;language=dflt;+smcp;mapping=tex-text;"
(fontspec)             - 'bold' (b/n) with NFSS spec.: <->"Times New
(fontspec)             Roman/B/OT:script=latn;language=dflt;mapping=tex-text;"
(fontspec)             - 'bold small caps'  (b/sc) with NFSS spec.: <->"Times
(fontspec)             New
(fontspec)             Roman/B/OT:script=latn;language=dflt;+smcp;mapping=tex-text;"
(fontspec)             - 'italic' (m/it) with NFSS spec.: <->"Times New
(fontspec)             Roman/I/OT:script=latn;language=dflt;mapping=tex-text;"
(fontspec)             - 'italic small caps'  (m/scit) with NFSS spec.:
(fontspec)             <->"Times New
(fontspec)             Roman/I/OT:script=latn;language=dflt;+smcp;mapping=tex-text;"
(fontspec)             - 'bold italic' (b/it) with NFSS spec.: <->"Times New
(fontspec)             Roman/BI/OT:script=latn;language=dflt;mapping=tex-text;"
(fontspec)             - 'bold italic small caps'  (b/scit) with NFSS spec.:
(fontspec)             <->"Times New
(fontspec)             Roman/BI/OT:script=latn;language=dflt;+smcp;mapping=tex-text;"


Package fontspec Info: 
(fontspec)             Font family 'Arial(0)' created for font 'Arial' with
(fontspec)             options [Ligatures=TeX].
(fontspec)              
(fontspec)              This font family consists of the following NFSS
(fontspec)             series/shapes:
(fontspec)              
(fontspec)             - 'normal' (m/n) with NFSS spec.:
(fontspec)             <->"Arial/OT:script=latn;language=dflt;mapping=tex-text;"
(fontspec)             - 'small caps'  (m/sc) with NFSS spec.:
(fontspec)             <->"Arial/OT:script=latn;language=dflt;+smcp;mapping=tex-text;"
(fontspec)             - 'bold' (b/n) with NFSS spec.:
(fontspec)             <->"Arial/B/OT:script=latn;language=dflt;mapping=tex-text;"
(fontspec)             - 'bold small caps'  (b/sc) with NFSS spec.:
(fontspec)             <->"Arial/B/OT:script=latn;language=dflt;+smcp;mapping=tex-text;"
(fontspec)             - 'italic' (m/it) with NFSS spec.:
(fontspec)             <->"Arial/I/OT:script=latn;language=dflt;mapping=tex-text;"
(fontspec)             - 'italic small caps'  (m/scit) with NFSS spec.:
(fontspec)             <->"Arial/I/OT:script=latn;language=dflt;+smcp;mapping=tex-text;"
(fontspec)             - 'bold italic' (b/it) with NFSS spec.:
(fontspec)             <->"Arial/BI/OT:script=latn;language=dflt;mapping=tex-text;"
(fontspec)             - 'bold italic small caps'  (b/scit) with NFSS spec.:
(fontspec)             <->"Arial/BI/OT:script=latn;language=dflt;+smcp;mapping=tex-text;"


Package fontspec Info: 
(fontspec)             Font family 'CourierNew(0)' created for font 'Courier
(fontspec)             New' with options
(fontspec)             [WordSpace={1,0,0},HyphenChar=None,PunctuationSpace=WordSpace].
(fontspec)              
(fontspec)              This font family consists of the following NFSS
(fontspec)             series/shapes:
(fontspec)              
(fontspec)             - 'normal' (m/n) with NFSS spec.: <->"Courier
(fontspec)             New/OT:script=latn;language=dflt;"
(fontspec)             - 'bold' (b/n) with NFSS spec.: <->"Courier
(fontspec)             New/B/OT:script=latn;language=dflt;"
(fontspec)             - 'italic' (m/it) with NFSS spec.: <->"Courier
(fontspec)             New/I/OT:script=latn;language=dflt;"
(fontspec)             - 'bold italic' (b/it) with NFSS spec.: <->"Courier
(fontspec)             New/BI/OT:script=latn;language=dflt;"

 (C:\Users\Jan Iris Bruzo\AppData\Local\Programs\MiKTeX\tex/latex/titlesec\titlesec.sty
Package: titlesec 2025/01/04 v2.17 Sectioning titles
\ttl@box=\box53
\beforetitleunit=\skip51
\aftertitleunit=\skip52
\ttl@plus=\dimen162
\ttl@minus=\dimen163
\ttl@toksa=\toks19
\titlewidth=\dimen164
\titlewidthlast=\dimen165
\titlewidthfirst=\dimen166
) (C:\Users\Jan Iris Bruzo\AppData\Local\Programs\MiKTeX\tex/latex/titlesec\titletoc.sty
Package: titletoc 2025/01/04 v2.17 TOC entries
\ttl@leftsep=\dimen167
) (C:\Users\Jan Iris Bruzo\AppData\Local\Programs\MiKTeX\tex/latex/fancyhdr\fancyhdr.sty
Package: fancyhdr 2025/02/07 v5.2 Extensive control of page headers and footers
\f@nch@headwidth=\skip53
\f@nch@offset@elh=\skip54
\f@nch@offset@erh=\skip55
\f@nch@offset@olh=\skip56
\f@nch@offset@orh=\skip57
\f@nch@offset@elf=\skip58
\f@nch@offset@erf=\skip59
\f@nch@offset@olf=\skip60
\f@nch@offset@orf=\skip61
\f@nch@height=\skip62
\f@nch@footalignment=\skip63
\f@nch@widthL=\skip64
\f@nch@widthC=\skip65
\f@nch@widthR=\skip66
\@temptokenb=\toks20
) (C:\Users\Jan Iris Bruzo\AppData\Local\Programs\MiKTeX\tex/latex/graphics\graphicx.sty
Package: graphicx 2024/12/31 v1.2e Enhanced LaTeX Graphics (DPC,SPQR)
 (C:\Users\Jan Iris Bruzo\AppData\Local\Programs\MiKTeX\tex/latex/graphics\graphics.sty
Package: graphics 2024/08/06 v1.4g Standard LaTeX Graphics (DPC,SPQR)
 (C:\Users\Jan Iris Bruzo\AppData\Local\Programs\MiKTeX\tex/latex/graphics\trig.sty
Package: trig 2023/12/02 v1.11 sin cos tan (DPC)
) (C:\Users\Jan Iris Bruzo\AppData\Local\Programs\MiKTeX\tex/latex/graphics-cfg\graphics.cfg
File: graphics.cfg 2016/06/04 v1.11 sample graphics configuration
)
Package graphics Info: Driver file: xetex.def on input line 106.
 (C:\Users\Jan Iris Bruzo\AppData\Local\Programs\MiKTeX\tex/latex/graphics-def\xetex.def
File: xetex.def 2025/11/01 v5.0p Graphics/color driver for xetex
))
\Gin@req@height=\dimen168
\Gin@req@width=\dimen169
) (C:\Users\Jan Iris Bruzo\AppData\Local\Programs\MiKTeX\tex/latex/booktabs\booktabs.sty
Package: booktabs 2020/01/12 v1.61803398 Publication quality tables
\heavyrulewidth=\dimen170
\lightrulewidth=\dimen171
\cmidrulewidth=\dimen172
\belowrulesep=\dimen173
\belowbottomsep=\dimen174
\aboverulesep=\dimen175
\abovetopsep=\dimen176
\cmidrulesep=\dimen177
\cmidrulekern=\dimen178
\defaultaddspace=\dimen179
\@cmidla=\count296
\@cmidlb=\count297
\@aboverulesep=\dimen180
\@belowrulesep=\dimen181
\@thisruleclass=\count298
\@lastruleclass=\count299
\@thisrulewidth=\dimen182
) (C:\Users\Jan Iris Bruzo\AppData\Local\Programs\MiKTeX\tex/latex/tools\longtable.sty
Package: longtable 2025-10-13 v4.24 Multi-page Table package (DPC)
\LTleft=\skip67
\LTright=\skip68
\LTpre=\skip69
\LTpost=\skip70
\LTchunksize=\count300
\LTcapwidth=\dimen183
\LT@head=\box54
\LT@firsthead=\box55
\LT@foot=\box56
\LT@lastfoot=\box57
\LT@gbox=\box58
\LT@cols=\count301
\LT@rows=\count302
\c@LT@tables=\count303
\c@LT@chunks=\count304
\LT@p@ftn=\toks21
) (C:\Users\Jan Iris Bruzo\AppData\Local\Programs\MiKTeX\tex/latex/tools\array.sty
Package: array 2025/09/25 v2.6n Tabular extension package (FMi)
\col@sep=\dimen184
\ar@mcellbox=\box59
\extrarowheight=\dimen185
\NC@list=\toks22
\extratabsurround=\skip71
\backup@length=\skip72
\ar@cellbox=\box60
) (C:\Users\Jan Iris Bruzo\AppData\Local\Programs\MiKTeX\tex/latex/tools\tabularx.sty
Package: tabularx 2023/12/11 v2.12a `tabularx' package (DPC)
\TX@col@width=\dimen186
\TX@old@table=\dimen187
\TX@old@col=\dimen188
\TX@target=\dimen189
\TX@delta=\dimen190
\TX@cols=\count305
\TX@ftn=\toks23
) (C:\Users\Jan Iris Bruzo\AppData\Local\Programs\MiKTeX\tex/latex/multirow\multirow.sty
Package: multirow 2024/11/12 v2.9 Span multiple rows of a table
\multirow@colwidth=\skip73
\multirow@cntb=\count306
\multirow@dima=\skip74
\bigstrutjot=\dimen191
) (C:\Users\Jan Iris Bruzo\AppData\Local\Programs\MiKTeX\tex/latex/caption\caption.sty
Package: caption 2023/08/05 v3.6o Customizing captions (AR)
 (C:\Users\Jan Iris Bruzo\AppData\Local\Programs\MiKTeX\tex/latex/caption\caption3.sty
Package: caption3 2023/07/31 v2.4d caption3 kernel (AR)
\caption@tempdima=\dimen192
\captionmargin=\dimen193
\caption@leftmargin=\dimen194
\caption@rightmargin=\dimen195
\caption@width=\dimen196
\caption@indent=\dimen197
\caption@parindent=\dimen198
\caption@hangindent=\dimen199
Package caption Info: Standard document class detected.
)
\c@caption@flags=\count307
\c@continuedfloat=\count308
Package caption Info: longtable package is loaded.
 (C:\Users\Jan Iris Bruzo\AppData\Local\Programs\MiKTeX\tex/latex/caption\ltcaption.sty
Package: ltcaption 2021/01/08 v1.4c longtable captions (AR)
)) (C:\Users\Jan Iris Bruzo\AppData\Local\Programs\MiKTeX\tex/latex/amsmath\amsmath.sty
Package: amsmath 2025/07/09 v2.17z AMS math features
\@mathmargin=\skip75

For additional information on amsmath, use the `?' option.
(C:\Users\Jan Iris Bruzo\AppData\Local\Programs\MiKTeX\tex/latex/amsmath\amstext.sty
Package: amstext 2024/11/17 v2.01 AMS text
 (C:\Users\Jan Iris Bruzo\AppData\Local\Programs\MiKTeX\tex/latex/amsmath\amsgen.sty
File: amsgen.sty 1999/11/30 v2.0 generic functions
\@emptytoks=\toks24
\ex@=\dimen256
)) (C:\Users\Jan Iris Bruzo\AppData\Local\Programs\MiKTeX\tex/latex/amsmath\amsbsy.sty
Package: amsbsy 1999/11/29 v1.2d Bold Symbols
\pmbraise@=\dimen257
) (C:\Users\Jan Iris Bruzo\AppData\Local\Programs\MiKTeX\tex/latex/amsmath\amsopn.sty
Package: amsopn 2022/04/08 v2.04 operator names
)
\inf@bad=\count309
LaTeX Info: Redefining \frac on input line 233.
\uproot@=\count310
\leftroot@=\count311
LaTeX Info: Redefining \overline on input line 398.
LaTeX Info: Redefining \colon on input line 409.
\classnum@=\count312
\DOTSCASE@=\count313
LaTeX Info: Redefining \ldots on input line 495.
LaTeX Info: Redefining \dots on input line 498.
LaTeX Info: Redefining \cdots on input line 619.
\Mathstrutbox@=\box61
\strutbox@=\box62
LaTeX Info: Redefining \big on input line 721.
LaTeX Info: Redefining \Big on input line 722.
LaTeX Info: Redefining \bigg on input line 723.
LaTeX Info: Redefining \Bigg on input line 724.
\big@size=\dimen258
LaTeX Font Info:    Redeclaring font encoding OML on input line 742.
LaTeX Font Info:    Redeclaring font encoding OMS on input line 743.
\macc@depth=\count314
LaTeX Info: Redefining \bmod on input line 904.
LaTeX Info: Redefining \pmod on input line 909.
LaTeX Info: Redefining \smash on input line 939.
LaTeX Info: Redefining \relbar on input line 969.
LaTeX Info: Redefining \Relbar on input line 970.
\c@MaxMatrixCols=\count315
\dotsspace@=\muskip17
\c@parentequation=\count316
\dspbrk@lvl=\count317
\tag@help=\toks25
\row@=\count318
\column@=\count319
\maxfields@=\count320
\andhelp@=\toks26
\eqnshift@=\dimen259
\alignsep@=\dimen260
\tagshift@=\dimen261
\tagwidth@=\dimen262
\totwidth@=\dimen263
\lineht@=\dimen264
\@envbody=\toks27
\multlinegap=\skip76
\multlinetaggap=\skip77
\mathdisplay@stack=\toks28
LaTeX Info: Redefining \[ on input line 2950.
LaTeX Info: Redefining \] on input line 2951.
) (C:\Users\Jan Iris Bruzo\AppData\Local\Programs\MiKTeX\tex/latex/amsfonts\amssymb.sty
Package: amssymb 2013/01/14 v3.01 AMS font symbols
 (C:\Users\Jan Iris Bruzo\AppData\Local\Programs\MiKTeX\tex/latex/amsfonts\amsfonts.sty
Package: amsfonts 2013/01/14 v3.01 Basic AMSFonts support
\symAMSa=\mathgroup4
\symAMSb=\mathgroup5
LaTeX Font Info:    Redeclaring math symbol \hbar on input line 98.
LaTeX Font Info:    Overwriting math alphabet `\mathfrak' in version `bold'
(Font)                  U/euf/m/n --> U/euf/b/n on input line 106.
)) (C:\Users\Jan Iris Bruzo\AppData\Local\Programs\MiKTeX\tex/latex/enumitem\enumitem.sty
Package: enumitem 2025/02/06 v3.11 Customized lists
\labelindent=\skip78
\enit@outerparindent=\dimen265
\enit@toks=\toks29
\enit@inbox=\box63
\enit@count@id=\count321
\enitdp@description=\count322
) (C:\Users\Jan Iris Bruzo\AppData\Local\Programs\MiKTeX\tex/latex/url\url.sty
\Urlmuskip=\muskip18
Package: url 2013/09/16  ver 3.4  Verb mode for urls, etc.
) (C:\Users\Jan Iris Bruzo\AppData\Local\Programs\MiKTeX\tex/latex/ragged2e\ragged2e.sty
Package: ragged2e 2023/06/22 v3.6 ragged2e Package
\CenteringLeftskip=\skip79
\RaggedLeftLeftskip=\skip80
\RaggedRightLeftskip=\skip81
\CenteringRightskip=\skip82
\RaggedLeftRightskip=\skip83
\RaggedRightRightskip=\skip84
\CenteringParfillskip=\skip85
\RaggedLeftParfillskip=\skip86
\RaggedRightParfillskip=\skip87
\JustifyingParfillskip=\skip88
\CenteringParindent=\skip89
\RaggedLeftParindent=\skip90
\RaggedRightParindent=\skip91
\JustifyingParindent=\skip92
) (C:\Users\Jan Iris Bruzo\AppData\Local\Programs\MiKTeX\tex/latex/tools\indentfirst.sty
Package: indentfirst 2023/07/02 v1.03 Indent first paragraph (DPC)
) (C:\Users\Jan Iris Bruzo\AppData\Local\Programs\MiKTeX\tex/latex/xcolor\xcolor.sty
Package: xcolor 2024/09/29 v3.02 LaTeX color extensions (UK)
 (C:\Users\Jan Iris Bruzo\AppData\Local\Programs\MiKTeX\tex/latex/graphics-cfg\color.cfg
File: color.cfg 2016/01/02 v1.6 sample color configuration
)
Package xcolor Info: Driver file: xetex.def on input line 274.
 (C:\Users\Jan Iris Bruzo\AppData\Local\Programs\MiKTeX\tex/latex/graphics\mathcolor.ltx)
Package xcolor Info: Model `cmy' substituted by `cmy0' on input line 1349.
Package xcolor Info: Model `RGB' extended on input line 1365.
Package xcolor Info: Model `HTML' substituted by `rgb' on input line 1367.
Package xcolor Info: Model `Hsb' substituted by `hsb' on input line 1368.
Package xcolor Info: Model `tHsb' substituted by `hsb' on input line 1369.
Package xcolor Info: Model `HSB' substituted by `hsb' on input line 1370.
Package xcolor Info: Model `Gray' substituted by `gray' on input line 1371.
Package xcolor Info: Model `wave' substituted by `hsb' on input line 1372.
) (C:\Users\Jan Iris Bruzo\AppData\Local\Programs\MiKTeX\tex/latex/float\float.sty
Package: float 2001/11/08 v1.3d Float enhancements (AL)
\c@float@type=\count323
\float@exts=\toks30
\float@box=\box64
\@float@everytoks=\toks31
\@floatcapt=\box65
) (C:\Users\Jan Iris Bruzo\AppData\Local\Programs\MiKTeX\tex/latex/placeins\placeins.sty
Package: placeins 2005/04/18  v 2.2
) (C:\Users\Jan Iris Bruzo\AppData\Local\Programs\MiKTeX\tex/latex/natbib\natbib.sty
Package: natbib 2010/09/13 8.31b (PWD, AO)
\bibhang=\skip93
\bibsep=\skip94
LaTeX Info: Redefining \cite on input line 694.
\c@NAT@ctr=\count324
) (C:\Users\Jan Iris Bruzo\AppData\Local\Programs\MiKTeX\tex/latex/hyperref\hyperref.sty
Package: hyperref 2026-04-24 v7.01q Hypertext links for LaTeX
 (C:\Users\Jan Iris Bruzo\AppData\Local\Programs\MiKTeX\tex/latex/kvsetkeys\kvsetkeys.sty
Package: kvsetkeys 2022-10-05 v1.19 Key value parser (HO)
) (C:\Users\Jan Iris Bruzo\AppData\Local\Programs\MiKTeX\tex/generic/kvdefinekeys\kvdefinekeys.sty
Package: kvdefinekeys 2019-12-19 v1.6 Define keys (HO)
) (C:\Users\Jan Iris Bruzo\AppData\Local\Programs\MiKTeX\tex/generic/pdfescape\pdfescape.sty
Package: pdfescape 2019/12/09 v1.15 Implements pdfTeX's escape features (HO)
 (C:\Users\Jan Iris Bruzo\AppData\Local\Programs\MiKTeX\tex/generic/ltxcmds\ltxcmds.sty
Package: ltxcmds 2023-12-04 v1.26 LaTeX kernel commands for general use (HO)
) (C:\Users\Jan Iris Bruzo\AppData\Local\Programs\MiKTeX\tex/generic/pdftexcmds\pdftexcmds.sty
Package: pdftexcmds 2020-06-27 v0.33 Utility functions of pdfTeX for LuaTeX (HO)
 (C:\Users\Jan Iris Bruzo\AppData\Local\Programs\MiKTeX\tex/generic/infwarerr\infwarerr.sty
Package: infwarerr 2019/12/03 v1.5 Providing info/warning/error messages (HO)
)
Package pdftexcmds Info: \pdf@primitive is available.
Package pdftexcmds Info: \pdf@ifprimitive is available.
Package pdftexcmds Info: \pdfdraftmode not found.
)) (C:\Users\Jan Iris Bruzo\AppData\Local\Programs\MiKTeX\tex/latex/hycolor\hycolor.sty
Package: hycolor 2020-01-27 v1.10 Color options for hyperref/bookmark (HO)
) (C:\Users\Jan Iris Bruzo\AppData\Local\Programs\MiKTeX\tex/latex/hyperref\nameref.sty
Package: nameref 2026-01-29 v2.58 Cross-referencing by name of section
 (C:\Users\Jan Iris Bruzo\AppData\Local\Programs\MiKTeX\tex/latex/refcount\refcount.sty
Package: refcount 2019/12/15 v3.6 Data extraction from label references (HO)
) (C:\Users\Jan Iris Bruzo\AppData\Local\Programs\MiKTeX\tex/generic/gettitlestring\gettitlestring.sty
Package: gettitlestring 2019/12/15 v1.6 Cleanup title references (HO)
 (C:\Users\Jan Iris Bruzo\AppData\Local\Programs\MiKTeX\tex/latex/kvoptions\kvoptions.sty
Package: kvoptions 2022-06-15 v3.15 Key value format for package options (HO)
))
\c@section@level=\count325
) (C:\Users\Jan Iris Bruzo\AppData\Local\Programs\MiKTeX\tex/latex/etoolbox\etoolbox.sty
Package: etoolbox 2025/10/02 v2.5m e-TeX tools for LaTeX (JAW)
\etb@tempcnta=\count326
) (C:\Users\Jan Iris Bruzo\AppData\Local\Programs\MiKTeX\tex/generic/stringenc\stringenc.sty
Package: stringenc 2019/11/29 v1.12 Convert strings between diff. encodings (HO)
)
\@linkdim=\dimen266
\Hy@linkcounter=\count327
\Hy@pagecounter=\count328
 (C:\Users\Jan Iris Bruzo\AppData\Local\Programs\MiKTeX\tex/latex/hyperref\pd1enc.def
File: pd1enc.def 2026-04-24 v7.01q Hyperref: PDFDocEncoding definition (HO)
) (C:\Users\Jan Iris Bruzo\AppData\Local\Programs\MiKTeX\tex/generic/intcalc\intcalc.sty
Package: intcalc 2019/12/15 v1.3 Expandable calculations with integers (HO)
)
\Hy@SavedSpaceFactor=\count329
 (C:\Users\Jan Iris Bruzo\AppData\Local\Programs\MiKTeX\tex/latex/hyperref\puenc.def
File: puenc.def 2026-04-24 v7.01q Hyperref: PDF Unicode definition (HO)
)
Package hyperref Info: Hyper figures OFF on input line 4199.
Package hyperref Info: Link nesting OFF on input line 4204.
Package hyperref Info: Hyper index ON on input line 4207.
Package hyperref Info: Plain pages OFF on input line 4214.
Package hyperref Info: Backreferencing OFF on input line 4219.
Package hyperref Info: Implicit mode ON; LaTeX internals redefined.
Package hyperref Info: Bookmarks ON on input line 4466.
\c@Hy@tempcnt=\count330
LaTeX Info: Redefining \url on input line 4805.
\XeTeXLinkMargin=\dimen267
 (C:\Users\Jan Iris Bruzo\AppData\Local\Programs\MiKTeX\tex/generic/bitset\bitset.sty
Package: bitset 2019/12/09 v1.3 Handle bit-vector datatype (HO)
 (C:\Users\Jan Iris Bruzo\AppData\Local\Programs\MiKTeX\tex/generic/bigintcalc\bigintcalc.sty
Package: bigintcalc 2019/12/15 v1.5 Expandable calculations on big integers (HO)
))
\Fld@menulength=\count331
\Field@Width=\dimen268
\Fld@charsize=\dimen269
Package hyperref Info: Hyper figures OFF on input line 6091.
Package hyperref Info: Link nesting OFF on input line 6096.
Package hyperref Info: Hyper index ON on input line 6099.
Package hyperref Info: backreferencing OFF on input line 6106.
Package hyperref Info: Link coloring OFF on input line 6111.
Package hyperref Info: Link coloring with OCG OFF on input line 6116.
Package hyperref Info: PDF/A mode OFF on input line 6121.
\Hy@abspage=\count332
\c@Item=\count333
\c@Hfootnote=\count334
)
Package hyperref Info: Driver (autodetected): hxetex.
 (C:\Users\Jan Iris Bruzo\AppData\Local\Programs\MiKTeX\tex/latex/hyperref\hxetex.def
File: hxetex.def 2026-04-24 v7.01q Hyperref driver for XeTeX
\pdfm@box=\box66
\c@Hy@AnnotLevel=\count335
\HyField@AnnotCount=\count336
\Fld@listcount=\count337
\c@bookmark@seq@number=\count338
 (C:\Users\Jan Iris Bruzo\AppData\Local\Programs\MiKTeX\tex/latex/rerunfilecheck\rerunfilecheck.sty
Package: rerunfilecheck 2025-06-21 v1.11 Rerun checks for auxiliary files (HO)
 (C:\Users\Jan Iris Bruzo\AppData\Local\Programs\MiKTeX\tex/generic/uniquecounter\uniquecounter.sty
Package: uniquecounter 2019/12/15 v1.4 Provide unlimited unique counter (HO)
)
Package uniquecounter Info: New unique counter `rerunfilecheck' on input line 284.
)
\Hy@SectionHShift=\skip95
) (C:\Users\Jan Iris Bruzo\AppData\Local\Programs\MiKTeX\tex/latex/microtype\microtype.sty
Package: microtype 2026/03/01 v3.2d Micro-typographical refinements (RS)
\MT@toks=\toks32
\MT@tempbox=\box67
\MT@count=\count339
LaTeX Info: Redefining \noprotrusionifhmode on input line 1084.
LaTeX Info: Redefining \leftprotrusion on input line 1085.
\MT@prot@toks=\toks33
LaTeX Info: Redefining \rightprotrusion on input line 1104.
LaTeX Info: Redefining \textls on input line 1449.
\MT@outer@kern=\dimen270
LaTeX Info: Redefining \microtypecontext on input line 2053.
LaTeX Info: Redefining \textmicrotypecontext on input line 2070.
\MT@listname@count=\count340
 (C:\Users\Jan Iris Bruzo\AppData\Local\Programs\MiKTeX\tex/latex/microtype\microtype-xetex.def
File: microtype-xetex.def 2026/03/01 v3.2d Definitions specific to xetex (RS)
LaTeX Info: Redefining \lsstyle on input line 443.
LaTeX Info: Redefining \lslig on input line 451.
\MT@outer@space=\skip96
)
Package microtype Info: Loading configuration file microtype.cfg.
 (C:\Users\Jan Iris Bruzo\AppData\Local\Programs\MiKTeX\tex/latex/microtype\microtype.cfg
File: microtype.cfg 2026/03/01 v3.2d microtype main configuration file (RS)
)
LaTeX Info: Redefining \microtypesetup on input line 3065.
)
Package hyperref Info: Option `colorlinks' set `true' on input line 79.
Package hyperref Info: Option `bookmarksnumbered' set `true' on input line 79.
) (main.aux)
\openout1 = `main.aux'.

LaTeX Font Info:    Checking defaults for OML/cmm/m/it on input line 17.
LaTeX Font Info:    ... okay on input line 17.
LaTeX Font Info:    Checking defaults for OMS/cmsy/m/n on input line 17.
LaTeX Font Info:    ... okay on input line 17.
LaTeX Font Info:    Checking defaults for OT1/cmr/m/n on input line 17.
LaTeX Font Info:    ... okay on input line 17.
LaTeX Font Info:    Checking defaults for T1/cmr/m/n on input line 17.
LaTeX Font Info:    ... okay on input line 17.
LaTeX Font Info:    Checking defaults for TS1/cmr/m/n on input line 17.
LaTeX Font Info:    ... okay on input line 17.
LaTeX Font Info:    Checking defaults for TU/lmr/m/n on input line 17.
LaTeX Font Info:    ... okay on input line 17.
LaTeX Font Info:    Checking defaults for OMX/cmex/m/n on input line 17.
LaTeX Font Info:    ... okay on input line 17.
LaTeX Font Info:    Checking defaults for U/cmr/m/n on input line 17.
LaTeX Font Info:    ... okay on input line 17.
LaTeX Font Info:    Checking defaults for PD1/pdf/m/n on input line 17.
LaTeX Font Info:    ... okay on input line 17.
LaTeX Font Info:    Checking defaults for PU/pdf/m/n on input line 17.
LaTeX Font Info:    ... okay on input line 17.

*geometry* driver: auto-detecting
*geometry* detected driver: xetex
*geometry* verbose mode - [ preamble ] result:
* driver: xetex
* paper: <default>
* layout: <same size as paper>
* layoutoffset:(h,v)=(0.0pt,0.0pt)
* modes: 
* h-part:(L,W,R)=(72.26999pt, 469.75502pt, 72.26999pt)
* v-part:(T,H,B)=(72.26999pt, 650.43001pt, 72.26999pt)
* \paperwidth=614.295pt
* \paperheight=794.96999pt
* \textwidth=469.75502pt
* \textheight=650.43001pt
* \oddsidemargin=0.0pt
* \evensidemargin=0.0pt
* \topmargin=-37.0pt
* \headheight=12.0pt
* \headsep=25.0pt
* \topskip=12.0pt
* \footskip=30.0pt
* \marginparwidth=44.0pt
* \marginparsep=10.0pt
* \columnsep=10.0pt
* \skip\footins=10.8pt plus 4.0pt minus 2.0pt
* \hoffset=0.0pt
* \voffset=0.0pt
* \mag=1000
* \@twocolumnfalse
* \@twosidefalse
* \@mparswitchfalse
* \@reversemarginfalse
* (1in=72.27pt=25.4mm, 1cm=28.453pt)


Package fontspec Info: 
(fontspec)             Adjusting the maths setup (use [no-math] to avoid
(fontspec)             this).

\symlegacymaths=\mathgroup6
LaTeX Font Info:    Overwriting symbol font `legacymaths' in version `bold'
(Font)                  OT1/cmr/m/n --> OT1/cmr/bx/n on input line 17.
LaTeX Font Info:    Redeclaring math accent \acute on input line 17.
LaTeX Font Info:    Redeclaring math accent \grave on input line 17.
LaTeX Font Info:    Redeclaring math accent \ddot on input line 17.
LaTeX Font Info:    Redeclaring math accent \tilde on input line 17.
LaTeX Font Info:    Redeclaring math accent \bar on input line 17.
LaTeX Font Info:    Redeclaring math accent \breve on input line 17.
LaTeX Font Info:    Redeclaring math accent \check on input line 17.
LaTeX Font Info:    Redeclaring math accent \hat on input line 17.
LaTeX Font Info:    Redeclaring math accent \dot on input line 17.
LaTeX Font Info:    Redeclaring math accent \mathring on input line 17.
LaTeX Font Info:    Redeclaring math symbol \Gamma on input line 17.
LaTeX Font Info:    Redeclaring math symbol \Delta on input line 17.
LaTeX Font Info:    Redeclaring math symbol \Theta on input line 17.
LaTeX Font Info:    Redeclaring math symbol \Lambda on input line 17.
LaTeX Font Info:    Redeclaring math symbol \Xi on input line 17.
LaTeX Font Info:    Redeclaring math symbol \Pi on input line 17.
LaTeX Font Info:    Redeclaring math symbol \Sigma on input line 17.
LaTeX Font Info:    Redeclaring math symbol \Upsilon on input line 17.
LaTeX Font Info:    Redeclaring math symbol \Phi on input line 17.
LaTeX Font Info:    Redeclaring math symbol \Psi on input line 17.
LaTeX Font Info:    Redeclaring math symbol \Omega on input line 17.
LaTeX Font Info:    Redeclaring math symbol \mathdollar on input line 17.
LaTeX Font Info:    Redeclaring symbol font `operators' on input line 17.
LaTeX Font Info:    Encoding `OT1' has changed to `TU' for symbol font
(Font)              `operators' in the math version `normal' on input line 17.
LaTeX Font Info:    Overwriting symbol font `operators' in version `normal'
(Font)                  OT1/cmr/m/n --> TU/TimesNewRoman(0)/m/n on input line 17.
LaTeX Font Info:    Encoding `OT1' has changed to `TU' for symbol font
(Font)              `operators' in the math version `bold' on input line 17.
LaTeX Font Info:    Overwriting symbol font `operators' in version `bold'
(Font)                  OT1/cmr/bx/n --> TU/TimesNewRoman(0)/m/n on input line 17.
LaTeX Font Info:    Overwriting symbol font `operators' in version `normal'
(Font)                  TU/TimesNewRoman(0)/m/n --> TU/TimesNewRoman(0)/m/n on input line 17.
LaTeX Font Info:    Overwriting math alphabet `\mathit' in version `normal'
(Font)                  OT1/cmr/m/it --> TU/TimesNewRoman(0)/m/it on input line 17.
LaTeX Font Info:    Overwriting math alphabet `\mathbf' in version `normal'
(Font)                  OT1/cmr/bx/n --> TU/TimesNewRoman(0)/b/n on input line 17.
LaTeX Font Info:    Overwriting math alphabet `\mathsf' in version `normal'
(Font)                  OT1/cmss/m/n --> TU/Arial(0)/m/n on input line 17.
LaTeX Font Info:    Overwriting math alphabet `\mathtt' in version `normal'
(Font)                  OT1/cmtt/m/n --> TU/CourierNew(0)/m/n on input line 17.
LaTeX Font Info:    Overwriting symbol font `operators' in version `bold'
(Font)                  TU/TimesNewRoman(0)/m/n --> TU/TimesNewRoman(0)/b/n on input line 17.
LaTeX Font Info:    Overwriting math alphabet `\mathit' in version `bold'
(Font)                  OT1/cmr/bx/it --> TU/TimesNewRoman(0)/b/it on input line 17.
LaTeX Font Info:    Overwriting math alphabet `\mathsf' in version `bold'
(Font)                  OT1/cmss/bx/n --> TU/Arial(0)/b/n on input line 17.
LaTeX Font Info:    Overwriting math alphabet `\mathtt' in version `bold'
(Font)                  OT1/cmtt/m/n --> TU/CourierNew(0)/b/n on input line 17.
Package caption Info: Begin \AtBeginDocument code.
Package caption Info: float package is loaded.
Package caption Info: hyperref package is loaded.
Package caption Info: End \AtBeginDocument code.
Package hyperref Info: Link coloring ON on input line 17.
(main.out) (main.out)
\@outlinefile=\write3
\openout3 = `main.out'.

LaTeX Info: Redefining \microtypecontext on input line 17.
Package microtype Info: Applying patch `item' on input line 17.
Package microtype Info: Applying patch `toc' on input line 17.
Package microtype Info: Applying patch `eqnum' on input line 17.
Package microtype Info: Applying patch `footnote' on input line 17.
Package microtype Info: Applying patch `verbatim' on input line 17.
LaTeX Info: Redefining \microtypesetup on input line 17.
Package microtype Info: Character protrusion enabled (level 2).
Package microtype Info: Using default protrusion set `alltext'.
Package microtype Info: No adjustment of tracking.
Package microtype Info: No adjustment of spacing.
Package microtype Info: No adjustment of kerning.
Package microtype Info: Loading generic protrusion settings for font family
(microtype)             `TimesNewRoman' (encoding: TU).
(microtype)             For optimal results, create family-specific settings.
(microtype)             See the microtype manual for details.
 [1

]

Package natbib Warning: Citation `WHO2023' on page 1 undefined on input line 43.


Package natbib Warning: Citation `Macariola2021' on page 1 undefined on input line 52.


Package natbib Warning: Citation `Pickering2024' on page 1 undefined on input line 52.


Package natbib Warning: Citation `Santos2021' on page 1 undefined on input line 54.


Package natbib Warning: Citation `PhilPrimaryStudies2024' on page 1 undefined on input line 54.


Package natbib Warning: Citation `Abdul2024' on page 1 undefined on input line 59.


Package natbib Warning: Citation `Castillo2023' on page 1 undefined on input line 59.


Package natbib Warning: Citation `Domingo2023' on page 1 undefined on input line 62.


Package natbib Warning: Citation `Cruz2022' on page 1 undefined on input line 62.

[1]

Package natbib Warning: Citation `Natafgi2021' on page 2 undefined on input line 88.


Package natbib Warning: Citation `McCormick2021' on page 2 undefined on input line 88.


Package natbib Warning: Citation `Ezeamii2024' on page 2 undefined on input line 90.


Package natbib Warning: Citation `Chu2021' on page 2 undefined on input line 93.


Package natbib Warning: Citation `Kichloo2020' on page 2 undefined on input line 93.


Package natbib Warning: Citation `Abdul2024' on page 2 undefined on input line 94.


Package natbib Warning: Citation `Castillo2023' on page 2 undefined on input line 94.


Package natbib Warning: Citation `Fairchild2019' on page 2 undefined on input line 94.


Package natbib Warning: Citation `DAmore2021' on page 2 undefined on input line 94.


Package natbib Warning: Citation `Anzalone2025' on page 2 undefined on input line 94.


Package natbib Warning: Citation `Zachrison2021' on page 2 undefined on input line 95.


Package natbib Warning: Citation `Chen2020' on page 2 undefined on input line 95.


Package natbib Warning: Citation `Chandrasekaran2021' on page 2 undefined on input line 96.


Package natbib Warning: Citation `Ngugi2021' on page 2 undefined on input line 96.


Package natbib Warning: Citation `Rhoades2025' on page 2 undefined on input line 96.


Package natbib Warning: Citation `Smith2021' on page 2 undefined on input line 97.


Package natbib Warning: Citation `Mendoza2023' on page 2 undefined on input line 100.


Package natbib Warning: Citation `Mendoza2023' on page 2 undefined on input line 101.


Package natbib Warning: Citation `Salazar2021' on page 2 undefined on input line 101.


Package natbib Warning: Citation `Aquino2022' on page 2 undefined on input line 102.


Package natbib Warning: Citation `PhilPrimaryStudies2024' on page 2 undefined on input line 105.


Package natbib Warning: Citation `Pickering2024' on page 2 undefined on input line 105.


Package natbib Warning: Citation `AdlerMilstein2023' on page 2 undefined on input line 107.


Package natbib Warning: Citation `Rhoades2025' on page 2 undefined on input line 107.


Package natbib Warning: Citation `Macariola2021' on page 2 undefined on input line 112.


Package natbib Warning: Citation `Domingo2023' on page 2 undefined on input line 112.


Package natbib Warning: Citation `Cruz2022' on page 2 undefined on input line 114.


Package natbib Warning: Citation `Tiu2022' on page 2 undefined on input line 116.


Overfull \hbox (1.79755pt too wide) in paragraph at lines 109--117
[]\TU/TimesNewRoman(0)/m/n/12 Successfully implementing telemedicine requires careful adjustments to local circumstances.
 []

[2]

Package natbib Warning: Citation `Mendoza2023' on page 3 undefined on input line 127.


Package natbib Warning: Citation `Gill2020' on page 3 undefined on input line 127.


Package natbib Warning: Citation `DAmore2021' on page 3 undefined on input line 129.


Package natbib Warning: Citation `Anzalone2025' on page 3 undefined on input line 129.


Package natbib Warning: Citation `Ngugi2021' on page 3 undefined on input line 130.


Package natbib Warning: Citation `AdlerMilstein2023' on page 3 undefined on input line 130.


Package natbib Warning: Citation `Rhoades2025' on page 3 undefined on input line 130.


Package natbib Warning: Citation `Abdul2024' on page 3 undefined on input line 132.


Package natbib Warning: Citation `Smith2021' on page 3 undefined on input line 135.


Package natbib Warning: Citation `Betancor2024' on page 3 undefined on input line 136.


Package natbib Warning: Citation `Kucuk2024' on page 3 undefined on input line 136.


Package natbib Warning: Citation `Mazaheri2024' on page 3 undefined on input line 136.


Package natbib Warning: Citation `Ferro2020' on page 3 undefined on input line 137.


Package natbib Warning: Citation `Dantas2018' on page 3 undefined on input line 137.


Package natbib Warning: Citation `Cusack2020' on page 3 undefined on input line 138.


Package natbib Warning: Citation `Acacio2024' on page 3 undefined on input line 141.


Package natbib Warning: Citation `Santos2021' on page 3 undefined on input line 142.


Package natbib Warning: Citation `Mendoza2023' on page 3 undefined on input line 144.


Package natbib Warning: Citation `Derecho2024' on page 3 undefined on input line 145.


Package natbib Warning: Citation `Reyes2023' on page 3 undefined on input line 146.


Package natbib Warning: Citation `Hernandez2022' on page 3 undefined on input line 148.


Package natbib Warning: Citation `Patel2023' on page 3 undefined on input line 149.

[3]

Package natbib Warning: Citation `Betancor2024' on page 4 undefined on input line 161.


Package natbib Warning: Citation `Kucuk2024' on page 4 undefined on input line 162.


Package natbib Warning: Citation `Mazaheri2024' on page 4 undefined on input line 164.


Package natbib Warning: Citation `Ferro2020' on page 4 undefined on input line 166.


Package natbib Warning: Citation `Dantas2018' on page 4 undefined on input line 166.


Package natbib Warning: Citation `Wang2023' on page 4 undefined on input line 167.


Package natbib Warning: Citation `Cusack2020' on page 4 undefined on input line 168.


Package natbib Warning: Citation `Patel2023' on page 4 undefined on input line 168.


Package natbib Warning: Citation `DelRosario2024' on page 4 undefined on input line 172.


Package natbib Warning: Citation `Ramirez2021' on page 4 undefined on input line 175.

[4]

Package natbib Warning: Citation `Ezeamii2024' on page 5 undefined on input line 185.


Package natbib Warning: Citation `Natafgi2021' on page 5 undefined on input line 185.


Package natbib Warning: Citation `McCormick2021' on page 5 undefined on input line 185.


Package natbib Warning: Citation `Macariola2021' on page 5 undefined on input line 188.


Package natbib Warning: Citation `Smith2021' on page 5 undefined on input line 188.


Package natbib Warning: Citation `Castillo2023' on page 5 undefined on input line 188.


Package natbib Warning: Citation `Domingo2023' on page 5 undefined on input line 188.


Package natbib Warning: Citation `Aquino2022' on page 5 undefined on input line 190.


Package natbib Warning: Citation `Noceda2023' on page 5 undefined on input line 190.


Package natbib Warning: Citation `Salazar2021' on page 5 undefined on input line 190.


Package natbib Warning: Citation `Pickering2024' on page 5 undefined on input line 190.


Package natbib Warning: Citation `Cruz2022' on page 5 undefined on input line 192.


Package natbib Warning: Citation `Tiu2022' on page 5 undefined on input line 192.


Package natbib Warning: Citation `Anzalone2025' on page 5 undefined on input line 196.


Package natbib Warning: Citation `DAmore2021' on page 5 undefined on input line 196.


Package natbib Warning: Citation `Abdul2024' on page 5 undefined on input line 197.


Package natbib Warning: Citation `AdlerMilstein2023' on page 5 undefined on input line 197.


Package natbib Warning: Citation `Rhoades2025' on page 5 undefined on input line 197.


Package natbib Warning: Citation `Smith2021' on page 5 undefined on input line 197.


Package natbib Warning: Citation `Mendoza2023' on page 5 undefined on input line 199.


Package natbib Warning: Citation `Hernandez2022' on page 5 undefined on input line 200.


Package natbib Warning: Citation `Reyes2023' on page 5 undefined on input line 200.


Package natbib Warning: Citation `Cusack2020' on page 5 undefined on input line 203.


Package natbib Warning: Citation `Betancor2024' on page 5 undefined on input line 203.


Package natbib Warning: Citation `Kucuk2024' on page 5 undefined on input line 203.


Package natbib Warning: Citation `Ferro2020' on page 5 undefined on input line 204.


Package natbib Warning: Citation `Dantas2018' on page 5 undefined on input line 204.


Package natbib Warning: Citation `Kucuk2024' on page 5 undefined on input line 204.


Package natbib Warning: Citation `DelRosario2024' on page 5 undefined on input line 206.


Package natbib Warning: Citation `Ramirez2021' on page 5 undefined on input line 207.

[5]

Package natbib Warning: Citation `Thanthrige2025' on page 6 undefined on input line 229.


Package natbib Warning: Citation `Tsogbe2026' on page 6 undefined on input line 230.


Package natbib Warning: Citation `Holtz2022' on page 6 undefined on input line 231.

LaTeX Font Info:    Trying to load font information for U+msa on input line 239.
(C:\Users\Jan Iris Bruzo\AppData\Local\Programs\MiKTeX\tex/latex/amsfonts\umsa.fd
File: umsa.fd 2013/01/14 v3.01 AMS symbols A
) (C:\Users\Jan Iris Bruzo\AppData\Local\Programs\MiKTeX\tex/latex/microtype\mt-msa.cfg
File: mt-msa.cfg 2006/02/04 v1.1 microtype config. file: AMS symbols (a) (RS)
)
LaTeX Font Info:    Trying to load font information for U+msb on input line 239.
 (C:\Users\Jan Iris Bruzo\AppData\Local\Programs\MiKTeX\tex/latex/amsfonts\umsb.fd
File: umsb.fd 2013/01/14 v3.01 AMS symbols B
) (C:\Users\Jan Iris Bruzo\AppData\Local\Programs\MiKTeX\tex/latex/microtype\mt-msb.cfg
File: mt-msb.cfg 2005/06/01 v1.0 microtype config. file: AMS symbols (b) (RS)
) (C:\Users\Jan Iris Bruzo\AppData\Local\Programs\MiKTeX\tex/latex/microtype\mt-cmr.cfg
File: mt-cmr.cfg 2013/05/19 v2.2 microtype config. file: Computer Modern Roman (RS)
)

Package natbib Warning: Citation `Thanthrige2025' on page 6 undefined on input line 248.

[6]

Package natbib Warning: Citation `Tsogbe2026' on page 7 undefined on input line 258.


Package natbib Warning: Citation `Holtz2022' on page 7 undefined on input line 266.


Overfull \hbox (7.81044pt too wide) in paragraph at lines 264--271
[]\TU/TimesNewRoman(0)/m/n/12 Davis (1989) proposed that technology adoption is primarily driven by perceived usefulness—
 []

[7] [8] [9] [10]
Overfull \hbox (3.65407pt too wide) in paragraph at lines 389--392
[]\TU/TimesNewRoman(0)/b/n/12 Health Administrators and Local Government Officials. \TU/TimesNewRoman(0)/m/n/12 Administrators gain data-driven
 []


Package natbib Warning: Citation `WHO2023' on page 11 undefined on input line 408.


Package natbib Warning: Citation `Kepper2024' on page 11 undefined on input line 412.


Package natbib Warning: Citation `Li2025' on page 11 undefined on input line 417.

[11]

Package natbib Warning: Citation `ISO9241' on page 12 undefined on input line 422.


Package natbib Warning: Citation `CDC2025' on page 12 undefined on input line 427.


Package natbib Warning: Citation `SPro2024' on page 12 undefined on input line 433.


Overfull \hbox (4.27525pt too wide) in paragraph at lines 431--436
[]\TU/TimesNewRoman(0)/b/n/12 Telehealth Platform. \TU/TimesNewRoman(0)/m/n/12 A telehealth platform is a digital health ecosystem integrating provider
 []

[12]
Overfull \hbox (6.9946pt too wide) in paragraph at lines 468--471
\TU/TimesNewRoman(0)/m/n/12 purposive sampling will be applied, limited to residents with direct experience accessing the barangay
 []

[13] [14]
Overfull \hbox (3.9869pt too wide) in paragraph at lines 561--565
[]\TU/TimesNewRoman(0)/b/n/12 Parental/Guardian Consent and Minor Assent. \TU/TimesNewRoman(0)/m/n/12 For participants under 18, written parental
 []

[15] [16] [17] [18] [19]
Overfull \hbox (23.79079pt too wide) in paragraph at lines 751--756
[]\TU/TimesNewRoman(0)/b/n/12 Security Testing. \TU/TimesNewRoman(0)/m/n/12 Access control verification confirmed users could only access role-appropriate
 []

[20] [21]
Overfull \vbox (30.50165pt too high) has occurred while \output is active []

 [22]

Package natbib Warning: Citation `TTF_Newcastle' on page 23 undefined on input line 830.


Overfull \hbox (5.95853pt too wide) in paragraph at lines 821--831
\TU/TimesNewRoman(0)/m/n/12 composition of community health workforces in Panicuason. The majority were aged 25–34 (46.2%),
 []


Underfull \hbox (badness 1264) in paragraph at lines 859--859
[]|\TU/TimesNewRoman(0)/m/n/12 2.7 Schedule changes updated and communicated
 []


Underfull \hbox (badness 1412) in paragraph at lines 860--860
[]|\TU/TimesNewRoman(0)/m/n/12 2.8 Backup/replacement arranged when scheduled
 []

[23]
Overfull \vbox (120.25618pt too high) has occurred while \output is active []

 [24]

Package natbib Warning: Citation `Santos2021' on page 25 undefined on input line 883.


Overfull \hbox (15.66374pt too wide) in paragraph at lines 879--886
\TU/TimesNewRoman(0)/m/n/12 arrangement scoring highest at 4.50 (Always), suggesting that contingency planning is well-established
 []


Package natbib Warning: Citation `TTF_Newcastle' on page 25 undefined on input line 887.

[25]
Overfull \vbox (24.26625pt too high) has occurred while \output is active []

 [26]

Package natbib Warning: Citation `DAmore2021' on page 27 undefined on input line 937.


Package natbib Warning: Citation `Mendoza2023' on page 27 undefined on input line 943.


Package natbib Warning: Citation `DelRosario2024' on page 27 undefined on input line 947.

[27]

Package natbib Warning: Citation `TAM_Newcastle' on page 28 undefined on input line 990.

[28] [29] (main.bbl

Package natbib Warning: Empty `thebibliography' environment on input line 8.

)

Package natbib Warning: There were undefined citations.

[30] (main.aux)
 ***********
LaTeX2e <2025-11-01>
L3 programming layer <2026-03-20>
 ***********
Package rerunfilecheck Info: File `main.out' has not changed.
(rerunfilecheck)             Checksum: 99083AB95714F626B99E622BD5B27D64;621.
 ) 
Here is how much of TeX's memory you used:
 17898 strings out of 402807
 334032 string characters out of 5443272
 830822 words of memory out of 5000000
 46552 multiletter control sequences out of 15000+600000
 633046 words of font info for 99 fonts, out of 8000000 for 9000
 1348 hyphenation exceptions out of 8191
 88i,10n,107p,1075b,645s stack positions out of 10000i,1000n,20000p,200000b,200000s

Output written on main.xdv (31 pages, 549540 bytes).
